// Jest Snapshot v1, https://goo.gl/fbAQLP

exports[`UI Popup Component match snapshot 1`] = `
<div>
  <div
    aria-controls="radix-:r0:"
    aria-expanded="false"
    aria-haspopup="dialog"
    data-state="closed"
    type="button"
  >
    test
  </div>
</div>
`;
